Loaded 440 slangs.
MAXY 1.3 CODE GENERATION & INTENT VERIFICATION
==================================================

[TEST: Portfolio Website]
QUERY: create a dark theme portfolio website with inter font
------------------------------
THINKING (Last Step): 4. Generating insights...
MODEL: MAXY 1.3
